[
    {
        "userId": 24,
        "userName": "4xJJVSL6Kkw5z0BA"
    },
    {
        "userId": 2,
        "userName": "eR0D"
    },
    {
        "userId": -29,
        "userName": "vgsq4cb3"
    },
    {
        "userId": -26,
        "userName": "G5kFFSQ"
    },
    {
        "userId": 5,
        "userName": "vOu2AFl"
    },
    {
        "userId": 4,
        "userName": "gd9nysKyO7ufsOrKIYL3zyPA"
    },
    {
        "userId": 4,
        "userName": "YCZGHrQIn6ziGsJG4ck"
    },
    {
        "userId": 16,
        "userName": "RYKOboFJ"
    },
    {
        "userId": 16,
        "userName": "4xpZALn"
    },
    {
        "userId": -10,
        "userName": "h8ggnv4Y"
    }
]