[
    {
        "userEmail": null,
        "userId": -24,
        "userName": "VKQ96"
    },
    {
        "userEmail": null,
        "userId": 13,
        "userName": "UJKPx"
    },
    {
        "userEmail": null,
        "userId": 29,
        "userName": "0HkV2ClNH2HaisKqZ"
    },
    {
        "userEmail": "YDjNSNgpzsMRv",
        "userId": -20,
        "userName": "13rFISW5"
    },
    {
        "userEmail": "5nJmklFo2GApK9A",
        "userId": -21,
        "userName": "W5v8cMGsM6r"
    },
    {
        "userEmail": null,
        "userId": -16,
        "userName": "j6GRxlhhztqlosmW"
    },
    {
        "userEmail": "Vm3auPZN8w3Sn2U7qash48tw",
        "userId": 1,
        "userName": "kEOkhFJixuTtNqiZ40"
    },
    {
        "userEmail": null,
        "userId": -15,
        "userName": "L5oGeRJOjlXS9Xfi"
    },
    {
        "userEmail": "E5cW5Crz",
        "userId": -19,
        "userName": "1"
    },
    {
        "userEmail": null,
        "userId": -24,
        "userName": "a0naYw"
    }
]