{
	"data": { "userId": 1, "userName": "john_doe" },
	"event_type": "user_created",
	"version": 0
}
