[
    {
        "userEmail": "7W3JCkELtElu5aQW7B5GG5rFPKQV",
        "userId": 24,
        "userName": "4xJJVSL6Kkw5z0BA"
    },
    {
        "userEmail": "HMbFuor5wI8T4pxeLlS",
        "userId": 2,
        "userName": "eR0D"
    },
    {
        "userEmail": "1",
        "userId": -29,
        "userName": "vgsq4cb3"
    },
    {
        "userEmail": "E5CmSEzuDNwxKTjctmoVLyog9W4zno",
        "userId": -26,
        "userName": "G5kFFSQ"
    },
    {
        "userEmail": null,
        "userId": 5,
        "userName": "vOu2AFl"
    },
    {
        "userEmail": null,
        "userId": 4,
        "userName": "gd9nysKyO7ufsOrKIYL3zyPA"
    },
    {
        "userEmail": null,
        "userId": 4,
        "userName": "YCZGHrQIn6ziGsJG4ck"
    },
    {
        "userEmail": null,
        "userId": 16,
        "userName": "RYKOboFJ"
    },
    {
        "userEmail": null,
        "userId": 16,
        "userName": "4xpZALn"
    },
    {
        "userEmail": null,
        "userId": -10,
        "userName": "h8ggnv4Y"
    }
]